// Jest Snapshot v1, https://goo.gl/fbAQLP

exports[`Forecast component: renders Forecast 1`] = `
<div>
  <div
    class="ui four cards"
  />
</div>
`;
